[
  {
    "event_type": "some_type",
    "msg_title": "generic_splunk_event",
    "msg_text": "generic_splunk_event",
    "tags": [
      "uid1:uid",
      "uid2:1"
    ],
    "timestamp": 4100437796,
    "source_type_name": "some_type"
  },
  {
    "event_type": "some_type",
    "msg_title": "generic_splunk_event",
    "msg_text": "generic_splunk_event",
    "tags": [
      "uid1:uid",
      "uid2:2"
    ],
    "timestamp": 4100437796,
    "source_type_name": "some_type"
  }
]