[
  {
    "event_type": "generic_splunk_event",
    "msg_title": "generic_splunk_event",
    "msg_text": "generic_splunk_event",
    "tags": [],
    "timestamp": 1488974400,
    "source_type_name": "generic_splunk_event"
  }
]